Feature Policy: Skipping unsupported feature name “clipboard-read”. localhost:5000
Feature Policy: Skipping unsupported feature name “clipboard-write”. localhost:5000
Feature Policy: Skipping unsupported feature name “clipboard-read”. localhost:5000
Feature Policy: Skipping unsupported feature name “clipboard-write”. localhost:5000
Feature Policy: Skipping unsupported feature name “clipboard-read”. localhost:5000
Feature Policy: Skipping unsupported feature name “clipboard-write”. localhost:5000
Feature Policy: Skipping unsupported feature name “clipboard-read”. localhost:5000
Feature Policy: Skipping unsupported feature name “clipboard-write”. localhost:5000
Feature Policy: Skipping unsupported feature name “clipboard-read”. app.js:795:9
Feature Policy: Skipping unsupported feature name “clipboard-write”. app.js:795:9
Uncaught DOMException: Permission denied to access property "dispatchEvent" on cross-origin object
    onUserInput moz-extension://515a39d3-f1f4-41dc-b942-ee5c36b2cc1b/js/inject.js:65
    onUserInput moz-extension://515a39d3-f1f4-41dc-b942-ee5c36b2cc1b/js/inject.js:64
    onKeyDownMouseDownToushStart moz-extension://515a39d3-f1f4-41dc-b942-ee5c36b2cc1b/js/inject.js:49
inject.js:65:9
Feature Policy: Skipping unsupported feature name “clipboard-read”. app.js:795:9
Feature Policy: Skipping unsupported feature name “clipboard-write”. app.js:795:9
Uncaught DOMException: Permission denied to access property "dispatchEvent" on cross-origin object
    onUserInput moz-extension://515a39d3-f1f4-41dc-b942-ee5c36b2cc1b/js/inject.js:65
    onUserInput moz-extension://515a39d3-f1f4-41dc-b942-ee5c36b2cc1b/js/inject.js:64
    onKeyDownMouseDownToushStart moz-extension://515a39d3-f1f4-41dc-b942-ee5c36b2cc1b/js/inject.js:49
inject.js:65:9
Uncaught DOMException: Permission denied to access property "dispatchEvent" on cross-origin object
    onUserInput moz-extension://515a39d3-f1f4-41dc-b942-ee5c36b2cc1b/js/inject.js:65
    onUserInput moz-extension://515a39d3-f1f4-41dc-b942-ee5c36b2cc1b/js/inject.js:64
    onKeyUpMouseUpTouchEnd moz-extension://515a39d3-f1f4-41dc-b942-ee5c36b2cc1b/js/inject.js:58
2 inject.js:65:9
Uncaught DOMException: Permission denied to access property "dispatchEvent" on cross-origin object
    onUserInput moz-extension://515a39d3-f1f4-41dc-b942-ee5c36b2cc1b/js/inject.js:65
    onUserInput moz-extension://515a39d3-f1f4-41dc-b942-ee5c36b2cc1b/js/inject.js:64
    onKeyDownMouseDownToushStart moz-extension://515a39d3-f1f4-41dc-b942-ee5c36b2cc1b/js/inject.js:49
inject.js:65:9
Feature Policy: Skipping unsupported feature name “clipboard-read”. app.js:1859:9
Feature Policy: Skipping unsupported feature name “clipboard-write”. app.js:1859:9
Uncaught DOMException: Permission denied to access property "dispatchEvent" on cross-origin object
    onUserInput moz-extension://515a39d3-f1f4-41dc-b942-ee5c36b2cc1b/js/inject.js:65
    onUserInput moz-extension://515a39d3-f1f4-41dc-b942-ee5c36b2cc1b/js/inject.js:64
    onKeyDownMouseDownToushStart moz-extension://515a39d3-f1f4-41dc-b942-ee5c36b2cc1b/js/inject.js:49
inject.js:65:9
Feature Policy: Skipping unsupported feature name “clipboard-read”. app.js:795:9
Feature Policy: Skipping unsupported feature name “clipboard-write”. app.js:795:9
Uncaught DOMException: Permission denied to access property "dispatchEvent" on cross-origin object
    onUserInput moz-extension://515a39d3-f1f4-41dc-b942-ee5c36b2cc1b/js/inject.js:65
    onUserInput moz-extension://515a39d3-f1f4-41dc-b942-ee5c36b2cc1b/js/inject.js:64
    onKeyUpMouseUpTouchEnd moz-extension://515a39d3-f1f4-41dc-b942-ee5c36b2cc1b/js/inject.js:58
2 inject.js:65:9
Uncaught DOMException: Permission denied to access property "dispatchEvent" on cross-origin object
    onUserInput moz-extension://515a39d3-f1f4-41dc-b942-ee5c36b2cc1b/js/inject.js:65
    onUserInput moz-extension://515a39d3-f1f4-41dc-b942-ee5c36b2cc1b/js/inject.js:64
    onKeyDownMouseDownToushStart moz-extension://515a39d3-f1f4-41dc-b942-ee5c36b2cc1b/js/inject.js:49
5 inject.js:65:9
Uncaught DOMException: Permission denied to access property "dispatchEvent" on cross-origin object
    onUserInput moz-extension://515a39d3-f1f4-41dc-b942-ee5c36b2cc1b/js/inject.js:65
    onUserInput moz-extension://515a39d3-f1f4-41dc-b942-ee5c36b2cc1b/js/inject.js:64
    onKeyUpMouseUpTouchEnd moz-extension://515a39d3-f1f4-41dc-b942-ee5c36b2cc1b/js/inject.js:58
inject.js:65:9
Uncaught DOMException: Permission denied to access property "dispatchEvent" on cross-origin object
    onUserInput moz-extension://515a39d3-f1f4-41dc-b942-ee5c36b2cc1b/js/inject.js:65
    onUserInput moz-extension://515a39d3-f1f4-41dc-b942-ee5c36b2cc1b/js/inject.js:64
    onKeyDownMouseDownToushStart moz-extension://515a39d3-f1f4-41dc-b942-ee5c36b2cc1b/js/inject.js:49
inject.js:65:9
Uncaught DOMException: Permission denied to access property "dispatchEvent" on cross-origin object
    onUserInput moz-extension://515a39d3-f1f4-41dc-b942-ee5c36b2cc1b/js/inject.js:65
    onUserInput moz-extension://515a39d3-f1f4-41dc-b942-ee5c36b2cc1b/js/inject.js:64
    onKeyUpMouseUpTouchEnd moz-extension://515a39d3-f1f4-41dc-b942-ee5c36b2cc1b/js/inject.js:58
3 inject.js:65:9
Uncaught DOMException: Permission denied to access property "dispatchEvent" on cross-origin object
    onUserInput moz-extension://515a39d3-f1f4-41dc-b942-ee5c36b2cc1b/js/inject.js:65
    onUserInput moz-extension://515a39d3-f1f4-41dc-b942-ee5c36b2cc1b/js/inject.js:64
    onKeyDownMouseDownToushStart moz-extension://515a39d3-f1f4-41dc-b942-ee5c36b2cc1b/js/inject.js:49
inject.js:65:9
Uncaught DOMException: Permission denied to access property "dispatchEvent" on cross-origin object
    onUserInput moz-extension://515a39d3-f1f4-41dc-b942-ee5c36b2cc1b/js/inject.js:65
    onUserInput moz-extension://515a39d3-f1f4-41dc-b942-ee5c36b2cc1b/js/inject.js:64
    onKeyUpMouseUpTouchEnd moz-extension://515a39d3-f1f4-41dc-b942-ee5c36b2cc1b/js/inject.js:58
inject.js:65:9
Uncaught DOMException: Permission denied to access property "dispatchEvent" on cross-origin object
    onUserInput moz-extension://515a39d3-f1f4-41dc-b942-ee5c36b2cc1b/js/inject.js:65
    onUserInput moz-extension://515a39d3-f1f4-41dc-b942-ee5c36b2cc1b/js/inject.js:64
    onKeyDownMouseDownToushStart moz-extension://515a39d3-f1f4-41dc-b942-ee5c36b2cc1b/js/inject.js:49
inject.js:65:9
Uncaught DOMException: Permission denied to access property "dispatchEvent" on cross-origin object
    onUserInput moz-extension://515a39d3-f1f4-41dc-b942-ee5c36b2cc1b/js/inject.js:65
    onUserInput moz-extension://515a39d3-f1f4-41dc-b942-ee5c36b2cc1b/js/inject.js:64
    onKeyUpMouseUpTouchEnd moz-extension://515a39d3-f1f4-41dc-b942-ee5c36b2cc1b/js/inject.js:58
inject.js:65:9
Uncaught DOMException: Permission denied to access property "dispatchEvent" on cross-origin object
    onUserInput moz-extension://515a39d3-f1f4-41dc-b942-ee5c36b2cc1b/js/inject.js:65
    onUserInput moz-extension://515a39d3-f1f4-41dc-b942-ee5c36b2cc1b/js/inject.js:64
    onKeyDownMouseDownToushStart moz-extension://515a39d3-f1f4-41dc-b942-ee5c36b2cc1b/js/inject.js:49
inject.js:65:9
Uncaught DOMException: Permission denied to access property "dispatchEvent" on cross-origin object
    onUserInput moz-extension://515a39d3-f1f4-41dc-b942-ee5c36b2cc1b/js/inject.js:65
    onUserInput moz-extension://515a39d3-f1f4-41dc-b942-ee5c36b2cc1b/js/inject.js:64
    onKeyUpMouseUpTouchEnd moz-extension://515a39d3-f1f4-41dc-b942-ee5c36b2cc1b/js/inject.js:58
3 inject.js:65:9
Cross-Origin Request Blocked: The Same Origin Policy disallows reading the remote resource at http://localhost:4000/. (Reason: CORS request did not succeed). Status code: (null). 11
Firefox can’t establish a connection to the server at ws://localhost:5000/ws. 10 app.js:32:18
Cross-Origin Request Blocked: The Same Origin Policy disallows reading the remote resource at http://localhost:3000/. (Reason: CORS request did not succeed). Status code: (null). 
Firefox can’t establish a connection to the server at ws://localhost:3000/ws?s=grit-tally-66pkws-term-1&dir=%2Fhome%2Fbronson%2FProjects%2Ftally. 2 localhost:3000:577:18
Cross-Origin Request Blocked: The Same Origin Policy disallows reading the remote resource at http://localhost:3000/. (Reason: CORS request did not succeed). Status code: (null). 3
Firefox can’t establish a connection to the server at ws://localhost:3000/ws?s=grit-tally-66pkws-term-1&dir=%2Fhome%2Fbronson%2FProjects%2Ftally. localhost:3000:577:18
Cross-Origin Request Blocked: The Same Origin Policy disallows reading the remote resource at http://localhost:3000/. (Reason: CORS request did not succeed). Status code: (null). 2
Firefox can’t establish a connection to the server at ws://localhost:3000/ws?s=grit-tally-66pkws-term-1&dir=%2Fhome%2Fbronson%2FProjects%2Ftally. localhost:3000:577:18
Cross-Origin Request Blocked: The Same Origin Policy disallows reading the remote resource at http://localhost:3000/. (Reason: CORS request did not succeed). Status code: (null). 2
Firefox can’t establish a connection to the server at ws://localhost:3000/ws?s=grit-tally-66pkws-term-1&dir=%2Fhome%2Fbronson%2FProjects%2Ftally. localhost:3000:577:18
Cross-Origin Request Blocked: The Same Origin Policy disallows reading the remote resource at http://localhost:3000/. (Reason: CORS request did not succeed). Status code: (null). 2
Uncaught DOMException: Permission denied to access property "dispatchEvent" on cross-origin object
    onUserInput moz-extension://515a39d3-f1f4-41dc-b942-ee5c36b2cc1b/js/inject.js:65
    onUserInput moz-extension://515a39d3-f1f4-41dc-b942-ee5c36b2cc1b/js/inject.js:64
    onKeyDownMouseDownToushStart moz-extension://515a39d3-f1f4-41dc-b942-ee5c36b2cc1b/js/inject.js:49
inject.js:65:9
Feature Policy: Skipping unsupported feature name “clipboard-read”. app.js:795:9
Feature Policy: Skipping unsupported feature name “clipboard-write”. app.js:795:9
Uncaught DOMException: Permission denied to access property "dispatchEvent" on cross-origin object
    onKeyDownMouseDownToushStart moz-extension://515a39d3-f1f4-41dc-b942-ee5c36b2cc1b/js/inject.js:49
inject.js:49:7
Uncaught DOMException: Permission denied to access property "dispatchEvent" on cross-origin object
    onUserInput moz-extension://515a39d3-f1f4-41dc-b942-ee5c36b2cc1b/js/inject.js:65
    onUserInput moz-extension://515a39d3-f1f4-41dc-b942-ee5c36b2cc1b/js/inject.js:64
    onKeyUpMouseUpTouchEnd moz-extension://515a39d3-f1f4-41dc-b942-ee5c36b2cc1b/js/inject.js:58
inject.js:65:9
Uncaught DOMException: Permission denied to access property "dispatchEvent" on cross-origin object
    onKeyUpMouseUpTouchEnd moz-extension://515a39d3-f1f4-41dc-b942-ee5c36b2cc1b/js/inject.js:58
inject.js:58:9
Uncaught DOMException: Permission denied to access property "dispatchEvent" on cross-origin object
    onUserInput moz-extension://515a39d3-f1f4-41dc-b942-ee5c36b2cc1b/js/inject.js:65
    onUserInput moz-extension://515a39d3-f1f4-41dc-b942-ee5c36b2cc1b/js/inject.js:64
    onKeyDownMouseDownToushStart moz-extension://515a39d3-f1f4-41dc-b942-ee5c36b2cc1b/js/inject.js:49
inject.js:65:9
Uncaught DOMException: Permission denied to access property "dispatchEvent" on cross-origin object
    onKeyDownMouseDownToushStart moz-extension://515a39d3-f1f4-41dc-b942-ee5c36b2cc1b/js/inject.js:49
inject.js:49:7
Uncaught ReferenceError: handle_click is not defined
    <anonymous> http://localhost:3000/?s=grit-tally-66pkws-term-1&dir=/home/bronson/Projects/tally:760
 localhost:3000:760:17
Uncaught DOMException: Permission denied to access property "dispatchEvent" on cross-origin object
    onKeyDownMouseDownToushStart moz-extension://515a39d3-f1f4-41dc-b942-ee5c36b2cc1b/js/inject.js:49
inject.js:49:7
Uncaught DOMException: Permission denied to access property "dispatchEvent" on cross-origin object
    onUserInput moz-extension://515a39d3-f1f4-41dc-b942-ee5c36b2cc1b/js/inject.js:65
    onUserInput moz-extension://515a39d3-f1f4-41dc-b942-ee5c36b2cc1b/js/inject.js:64
    onKeyUpMouseUpTouchEnd moz-extension://515a39d3-f1f4-41dc-b942-ee5c36b2cc1b/js/inject.js:58
inject.js:65:9
Uncaught DOMException: Permission denied to access property "dispatchEvent" on cross-origin object
    onKeyUpMouseUpTouchEnd moz-extension://515a39d3-f1f4-41dc-b942-ee5c36b2cc1b/js/inject.js:58
2 inject.js:58:9
Uncaught DOMException: Permission denied to access property "dispatchEvent" on cross-origin object
    onKeyDownMouseDownToushStart moz-extension://515a39d3-f1f4-41dc-b942-ee5c36b2cc1b/js/inject.js:49
inject.js:49:7
Uncaught DOMException: Permission denied to access property "dispatchEvent" on cross-origin object
    onKeyUpMouseUpTouchEnd moz-extension://515a39d3-f1f4-41dc-b942-ee5c36b2cc1b/js/inject.js:58
inject.js:58:9
Uncaught DOMException: Permission denied to access property "dispatchEvent" on cross-origin object
    onKeyDownMouseDownToushStart moz-extension://515a39d3-f1f4-41dc-b942-ee5c36b2cc1b/js/inject.js:49
inject.js:49:7
Uncaught DOMException: Permission denied to access property "dispatchEvent" on cross-origin object
    onKeyUpMouseUpTouchEnd moz-extension://515a39d3-f1f4-41dc-b942-ee5c36b2cc1b/js/inject.js:58
inject.js:58:9
Uncaught DOMException: Permission denied to access property "dispatchEvent" on cross-origin object
    onUserInput moz-extension://515a39d3-f1f4-41dc-b942-ee5c36b2cc1b/js/inject.js:65
    onUserInput moz-extension://515a39d3-f1f4-41dc-b942-ee5c36b2cc1b/js/inject.js:64
    onKeyDownMouseDownToushStart moz-extension://515a39d3-f1f4-41dc-b942-ee5c36b2cc1b/js/inject.js:49
2 inject.js:65:9
Uncaught DOMException: Permission denied to access property "dispatchEvent" on cross-origin object
    onKeyDownMouseDownToushStart moz-extension://515a39d3-f1f4-41dc-b942-ee5c36b2cc1b/js/inject.js:49
inject.js:49:7
Uncaught ReferenceError: handle_click is not defined
    <anonymous> http://localhost:3000/?s=grit-tally-66pkws-term-1&dir=/home/bronson/Projects/tally:760
 localhost:3000:760:17
Uncaught DOMException: Permission denied to access property "dispatchEvent" on cross-origin object
    onKeyDownMouseDownToushStart moz-extension://515a39d3-f1f4-41dc-b942-ee5c36b2cc1b/js/inject.js:49
inject.js:49:7
Uncaught DOMException: Permission denied to access property "dispatchEvent" on cross-origin object
    onUserInput moz-extension://515a39d3-f1f4-41dc-b942-ee5c36b2cc1b/js/inject.js:65
    onUserInput moz-extension://515a39d3-f1f4-41dc-b942-ee5c36b2cc1b/js/inject.js:64
    onKeyUpMouseUpTouchEnd moz-extension://515a39d3-f1f4-41dc-b942-ee5c36b2cc1b/js/inject.js:58
2 inject.js:65:9
Uncaught DOMException: Permission denied to access property "dispatchEvent" on cross-origin object
    onKeyUpMouseUpTouchEnd moz-extension://515a39d3-f1f4-41dc-b942-ee5c36b2cc1b/js/inject.js:58
2 inject.js:58:9
Uncaught DOMException: Permission denied to access property "dispatchEvent" on cross-origin object
    onKeyDownMouseDownToushStart moz-extension://515a39d3-f1f4-41dc-b942-ee5c36b2cc1b/js/inject.js:49
inject.js:49:7
Uncaught DOMException: Permission denied to access property "dispatchEvent" on cross-origin object
    onKeyUpMouseUpTouchEnd moz-extension://515a39d3-f1f4-41dc-b942-ee5c36b2cc1b/js/inject.js:58
inject.js:58:9
Uncaught DOMException: Permission denied to access property "dispatchEvent" on cross-origin object
    onKeyDownMouseDownToushStart moz-extension://515a39d3-f1f4-41dc-b942-ee5c36b2cc1b/js/inject.js:49
inject.js:49:7
Uncaught DOMException: Permission denied to access property "dispatchEvent" on cross-origin object
    onKeyUpMouseUpTouchEnd moz-extension://515a39d3-f1f4-41dc-b942-ee5c36b2cc1b/js/inject.js:58
inject.js:58:9
Uncaught DOMException: Permission denied to access property "dispatchEvent" on cross-origin object
    onKeyDownMouseDownToushStart moz-extension://515a39d3-f1f4-41dc-b942-ee5c36b2cc1b/js/inject.js:49
inject.js:49:7
Uncaught DOMException: Permission denied to access property "dispatchEvent" on cross-origin object
    onKeyUpMouseUpTouchEnd moz-extension://515a39d3-f1f4-41dc-b942-ee5c36b2cc1b/js/inject.js:58
inject.js:58:9
Uncaught DOMException: Permission denied to access property "dispatchEvent" on cross-origin object
    onKeyDownMouseDownToushStart moz-extension://515a39d3-f1f4-41dc-b942-ee5c36b2cc1b/js/inject.js:49
inject.js:49:7
Uncaught DOMException: Permission denied to access property "dispatchEvent" on cross-origin object
    onKeyUpMouseUpTouchEnd moz-extension://515a39d3-f1f4-41dc-b942-ee5c36b2cc1b/js/inject.js:58
inject.js:58:9
Uncaught DOMException: Permission denied to access property "dispatchEvent" on cross-origin object
    onUserInput moz-extension://515a39d3-f1f4-41dc-b942-ee5c36b2cc1b/js/inject.js:65
    onUserInput moz-extension://515a39d3-f1f4-41dc-b942-ee5c36b2cc1b/js/inject.js:64
    onKeyDownMouseDownToushStart moz-extension://515a39d3-f1f4-41dc-b942-ee5c36b2cc1b/js/inject.js:49
inject.js:65:9
Uncaught DOMException: Permission denied to access property "dispatchEvent" on cross-origin object
    onUserInput moz-extension://515a39d3-f1f4-41dc-b942-ee5c36b2cc1b/js/inject.js:65
    onUserInput moz-extension://515a39d3-f1f4-41dc-b942-ee5c36b2cc1b/js/inject.js:64
    onKeyUpMouseUpTouchEnd moz-extension://515a39d3-f1f4-41dc-b942-ee5c36b2cc1b/js/inject.js:58
inject.js:65:9
Uncaught DOMException: Permission denied to access property "dispatchEvent" on cross-origin object
    onUserInput moz-extension://515a39d3-f1f4-41dc-b942-ee5c36b2cc1b/js/inject.js:65
    onUserInput moz-extension://515a39d3-f1f4-41dc-b942-ee5c36b2cc1b/js/inject.js:64
    onKeyDownMouseDownToushStart moz-extension://515a39d3-f1f4-41dc-b942-ee5c36b2cc1b/js/inject.js:49
3 inject.js:65:9
Uncaught DOMException: Permission denied to access property "dispatchEvent" on cross-origin object
    onUserInput moz-extension://515a39d3-f1f4-41dc-b942-ee5c36b2cc1b/js/inject.js:65
    onUserInput moz-extension://515a39d3-f1f4-41dc-b942-ee5c36b2cc1b/js/inject.js:64
    onKeyUpMouseUpTouchEnd moz-extension://515a39d3-f1f4-41dc-b942-ee5c36b2cc1b/js/inject.js:58
inject.js:65:9
Uncaught DOMException: Permission denied to access property "dispatchEvent" on cross-origin object
    onUserInput moz-extension://515a39d3-f1f4-41dc-b942-ee5c36b2cc1b/js/inject.js:65
    onUserInput moz-extension://515a39d3-f1f4-41dc-b942-ee5c36b2cc1b/js/inject.js:64
    onKeyDownMouseDownToushStart moz-extension://515a39d3-f1f4-41dc-b942-ee5c36b2cc1b/js/inject.js:49
2 inject.js:65:9
Uncaught DOMException: Permission denied to access property "dispatchEvent" on cross-origin object
    onUserInput moz-extension://515a39d3-f1f4-41dc-b942-ee5c36b2cc1b/js/inject.js:65
    onUserInput moz-extension://515a39d3-f1f4-41dc-b942-ee5c36b2cc1b/js/inject.js:64
    onKeyUpMouseUpTouchEnd moz-extension://515a39d3-f1f4-41dc-b942-ee5c36b2cc1b/js/inject.js:58
2 inject.js:65:9
Uncaught DOMException: Permission denied to access property "dispatchEvent" on cross-origin object
    onUserInput moz-extension://515a39d3-f1f4-41dc-b942-ee5c36b2cc1b/js/inject.js:65
    onUserInput moz-extension://515a39d3-f1f4-41dc-b942-ee5c36b2cc1b/js/inject.js:64
    onKeyDownMouseDownToushStart moz-extension://515a39d3-f1f4-41dc-b942-ee5c36b2cc1b/js/inject.js:49
inject.js:65:9
Uncaught DOMException: Permission denied to access property "dispatchEvent" on cross-origin object
    onUserInput moz-extension://515a39d3-f1f4-41dc-b942-ee5c36b2cc1b/js/inject.js:65
    onUserInput moz-extension://515a39d3-f1f4-41dc-b942-ee5c36b2cc1b/js/inject.js:64
    onKeyUpMouseUpTouchEnd moz-extension://515a39d3-f1f4-41dc-b942-ee5c36b2cc1b/js/inject.js:58
3 inject.js:65:9
Uncaught DOMException: Permission denied to access property "dispatchEvent" on cross-origin object
    onUserInput moz-extension://515a39d3-f1f4-41dc-b942-ee5c36b2cc1b/js/inject.js:65
    onUserInput moz-extension://515a39d3-f1f4-41dc-b942-ee5c36b2cc1b/js/inject.js:64
    onKeyDownMouseDownToushStart moz-extension://515a39d3-f1f4-41dc-b942-ee5c36b2cc1b/js/inject.js:49
inject.js:65:9
Uncaught DOMException: Permission denied to access property "dispatchEvent" on cross-origin object
    onUserInput moz-extension://515a39d3-f1f4-41dc-b942-ee5c36b2cc1b/js/inject.js:65
    onUserInput moz-extension://515a39d3-f1f4-41dc-b942-ee5c36b2cc1b/js/inject.js:64
    onKeyUpMouseUpTouchEnd moz-extension://515a39d3-f1f4-41dc-b942-ee5c36b2cc1b/js/inject.js:58
inject.js:65:9
